\BOOKMARK [0][-]{chapter*.1}{\376\377\000L\036\335\000i\000\040\000c\036\243\000m\000\040\001\241\000n}{}% 1
\BOOKMARK [0][-]{chapter*.2}{\376\377\000T\000\363\000m\000\040\000t\036\257\000t}{}% 2
\BOOKMARK [0][-]{chapter*.3}{\376\377\000A\000b\000s\000t\000r\000a\000c\000t}{}% 3
\BOOKMARK [0][-]{chapter*.7}{\376\377\000D\000a\000n\000h\000\040\000m\036\345\000c\000\040\000t\036\353\000\040\000v\000i\036\277\000t\000\040\000t\036\257\000t}{}% 4
\BOOKMARK [0][-]{chapter.1}{\376\377\000T\036\325\000n\000g\000\040\000q\000u\000a\000n\000\040\001\021\036\301\000\040\000t\000\340\000i}{}% 5
\BOOKMARK [1][-]{section.1.1}{\376\377\000B\036\321\000i\000\040\000c\036\243\000n\000h}{chapter.1}% 6
\BOOKMARK [1][-]{section.1.2}{\376\377\000V\036\245\000n\000\040\001\021\036\301\000\040\000c\036\247\000n\000\040\000g\000i\036\243\000i\000\040\000q\000u\000y\036\277\000t}{chapter.1}% 7
\BOOKMARK [1][-]{section.1.3}{\376\377\000M\036\345\000c\000\040\000t\000i\000\352\000u\000\040\001\021\036\301\000\040\000t\000\340\000i}{chapter.1}% 8
\BOOKMARK [1][-]{section.1.4}{\376\377\000P\000h\036\241\000m\000\040\000v\000i\000\040\000t\000h\036\361\000c\000\040\000h\000i\036\307\000n}{chapter.1}% 9
\BOOKMARK [1][-]{section.1.5}{\376\377\001\020\000\363\000n\000g\000\040\000g\000\363\000p\000\040\000c\036\347\000a\000\040\001\021\036\301\000\040\000t\000\340\000i}{chapter.1}% 10
\BOOKMARK [1][-]{section.1.6}{\376\377\000P\000h\000\342\000n\000\040\000c\000\364\000n\000g\000\040\000c\000\364\000n\000g\000\040\000v\000i\036\307\000c}{chapter.1}% 11
\BOOKMARK [1][-]{section.1.7}{\376\377\000C\036\245\000u\000\040\000t\000r\000\372\000c\000\040\000b\000\341\000o\000\040\000c\000\341\000o}{chapter.1}% 12
\BOOKMARK [0][-]{chapter.2}{\376\377\000C\001\241\000\040\000s\036\337\000\040\000l\000\375\000\040\000t\000h\000u\000y\036\277\000t\000\040\000v\000\340\000\040\000c\000\364\000n\000g\000\040\000n\000g\000h\036\307\000\040\000n\036\301\000n\000\040\000t\036\243\000n\000g}{}% 13
\BOOKMARK [1][-]{section.2.1}{\376\377\000H\036\307\000\040\000t\000h\036\321\000n\000g\000\040\000q\000u\036\243\000n\000\040\000l\000\375\000\040\000t\000\340\000i\000\040\000l\000i\036\307\000u\000\040\000b\036\243\000o\000\040\000m\036\255\000t}{chapter.2}% 14
\BOOKMARK [1][-]{section.2.2}{\376\377\000K\000h\036\243\000o\000\040\000s\000\341\000t\000\040\000c\000\341\000c\000\040\000h\036\307\000\040\000t\000h\036\321\000n\000g\000\040\000t\001\260\001\241\000n\000g\000\040\000t\036\361}{chapter.2}% 15
\BOOKMARK [1][-]{section.2.3}{\376\377\000K\000i\036\277\000n\000\040\000t\000r\000\372\000c\000\040\000m\000i\000c\000r\000o\000s\000e\000r\000v\000i\000c\000e\000s}{chapter.2}% 16
\BOOKMARK [1][-]{section.2.4}{\376\377\000X\000\341\000c\000\040\000t\000h\036\361\000c\000\040\000v\000\340\000\040\000p\000h\000\342\000n\000\040\000q\000u\000y\036\301\000n}{chapter.2}% 17
\BOOKMARK [2][-]{subsection.2.4.1}{\376\377\000K\000e\000y\000c\000l\000o\000a\000k\000,\000\040\000O\000I\000D\000C\000\040\000v\000\340\000\040\000J\000W\000T}{section.2.4}% 18
\BOOKMARK [2][-]{subsection.2.4.2}{\376\377\000R\000B\000A\000C}{section.2.4}% 19
\BOOKMARK [2][-]{subsection.2.4.3}{\376\377\000A\000C\000L\000\040\000v\000\340\000\040\000d\000e\000n\000y\000-\000o\000v\000e\000r\000r\000i\000d\000e\000s}{section.2.4}% 20
\BOOKMARK [1][-]{section.2.5}{\376\377\000P\000h\000\342\000n\000\040\000l\000o\036\241\000i\000\040\000t\000\340\000i\000\040\000l\000i\036\307\000u\000\040\000v\000\340\000\040\000k\000i\036\303\000m\000\040\000s\000o\000\341\000t\000\040\000n\036\331\000i\000\040\000d\000u\000n\000g}{chapter.2}% 21
\BOOKMARK [1][-]{section.2.6}{\376\377\000A\000u\000d\000i\000t\000,\000\040\000h\000a\000s\000h\000-\000c\000h\000a\000i\000n\000\040\000v\000\340\000\040\000c\000o\000m\000p\000l\000i\000a\000n\000c\000e\000\040\000e\000v\000i\000d\000e\000n\000c\000e}{chapter.2}% 22
\BOOKMARK [1][-]{section.2.7}{\376\377\000D\000e\000v\000S\000e\000c\000O\000p\000s}{chapter.2}% 23
\BOOKMARK [1][-]{section.2.8}{\376\377\000C\000\341\000c\000\040\000n\000h\000\363\000m\000\040\000k\000i\036\303\000m\000\040\000t\000h\036\355\000\040\000b\036\243\000o\000\040\000m\036\255\000t\000\040\000t\000r\000o\000n\000g\000\040\000p\000i\000p\000e\000l\000i\000n\000e}{chapter.2}% 24
\BOOKMARK [1][-]{section.2.9}{\376\377\000G\000i\000t\000O\000p\000s\000\040\000v\000\340\000\040\000A\000r\000g\000o\000\040\000C\000D}{chapter.2}% 25
\BOOKMARK [1][-]{section.2.10}{\376\377\000T\036\325\000n\000g\000\040\000h\036\343\000p\000\040\000c\000\364\000n\000g\000\040\000n\000g\000h\036\307\000\040\000v\000\340\000\040\000c\000\364\000n\000g\000\040\000c\036\345}{chapter.2}% 26
\BOOKMARK [0][-]{chapter.3}{\376\377\000P\000h\000\342\000n\000\040\000t\000\355\000c\000h\000\040\000y\000\352\000u\000\040\000c\036\247\000u\000\040\000v\000\340\000\040\000t\000h\000i\036\277\000t\000\040\000k\036\277\000\040\000t\036\325\000n\000g\000\040\000t\000h\036\303}{}% 27
\BOOKMARK [1][-]{section.3.1}{\376\377\000T\036\325\000n\000g\000\040\000q\000u\000a\000n\000\040\000b\000\340\000i\000\040\000t\000o\000\341\000n}{chapter.3}% 28
\BOOKMARK [1][-]{section.3.2}{\376\377\000T\000\341\000c\000\040\000n\000h\000\342\000n\000\040\000h\036\307\000\040\000t\000h\036\321\000n\000g}{chapter.3}% 29
\BOOKMARK [1][-]{section.3.3}{\376\377\000Y\000\352\000u\000\040\000c\036\247\000u\000\040\000c\000h\036\351\000c\000\040\000n\001\003\000n\000g}{chapter.3}% 30
\BOOKMARK [2][-]{subsection.3.3.1}{\376\377\000X\000\341\000c\000\040\000t\000h\036\361\000c\000\040\000v\000\340\000\040\000p\000h\000\342\000n\000\040\000q\000u\000y\036\301\000n}{section.3.3}% 31
\BOOKMARK [2][-]{subsection.3.3.2}{\376\377\000Q\000u\036\243\000n\000\040\000l\000\375\000\040\000t\000\340\000i\000\040\000l\000i\036\307\000u}{section.3.3}% 32
\BOOKMARK [2][-]{subsection.3.3.3}{\376\377\000W\000o\000r\000k\000f\000l\000o\000w\000\040\000p\000h\000\352\000\040\000d\000u\000y\036\307\000t}{section.3.3}% 33
\BOOKMARK [2][-]{subsection.3.3.4}{\376\377\000P\000r\000e\000v\000i\000e\000w\000\040\000v\000\340\000\040\000d\000o\000w\000n\000l\000o\000a\000d}{section.3.3}% 34
\BOOKMARK [2][-]{subsection.3.3.5}{\376\377\000A\000u\000d\000i\000t\000,\000\040\000s\000e\000c\000u\000r\000i\000t\000y\000\040\000v\000\340\000\040\000e\000v\000i\000d\000e\000n\000c\000e}{section.3.3}% 35
\BOOKMARK [2][-]{subsection.3.3.6}{\376\377\000R\000e\000t\000e\000n\000t\000i\000o\000n\000\040\000v\000\340\000\040\000a\000c\000c\000e\000s\000s\000\040\000r\000e\000v\000i\000e\000w}{section.3.3}% 36
\BOOKMARK [1][-]{section.3.4}{\376\377\000Y\000\352\000u\000\040\000c\036\247\000u\000\040\000p\000h\000i\000\040\000c\000h\036\351\000c\000\040\000n\001\003\000n\000g}{chapter.3}% 37
\BOOKMARK [1][-]{section.3.5}{\376\377\000M\000\364\000\040\000h\000\354\000n\000h\000\040\000t\000h\000r\000e\000a\000t\000\040\000c\001\241\000\040\000b\036\243\000n}{chapter.3}% 38
\BOOKMARK [1][-]{section.3.6}{\376\377\000K\000i\036\277\000n\000\040\000t\000r\000\372\000c\000\040\000t\036\325\000n\000g\000\040\000t\000h\036\303}{chapter.3}% 39
\BOOKMARK [1][-]{section.3.7}{\376\377\000L\000u\036\323\000n\000g\000\040\000n\000g\000h\000i\036\307\000p\000\040\000v\036\345\000\040\000c\000h\000\355\000n\000h}{chapter.3}% 40
\BOOKMARK [1][-]{section.3.8}{\376\377\000N\000g\000u\000y\000\352\000n\000\040\000t\036\257\000c\000\040\000t\000h\000i\036\277\000t\000\040\000k\036\277}{chapter.3}% 41
\BOOKMARK [0][-]{chapter.4}{\376\377\000T\000h\000i\036\277\000t\000\040\000k\036\277\000\040\000d\036\357\000\040\000l\000i\036\307\000u\000,\000\040\000A\000P\000I\000\040\000v\000\340\000\040\000c\000h\000\355\000n\000h\000\040\000s\000\341\000c\000h\000\040\000b\036\243\000o\000\040\000m\036\255\000t}{}% 42
\BOOKMARK [1][-]{section.4.1}{\376\377\000T\036\325\000n\000g\000\040\000q\000u\000a\000n\000\040\000t\000h\000i\036\277\000t\000\040\000k\036\277\000\040\000d\036\357\000\040\000l\000i\036\307\000u}{chapter.4}% 43
\BOOKMARK [1][-]{section.4.2}{\376\377\000C\000\341\000c\000\040\000t\000h\036\361\000c\000\040\000t\000h\036\303\000\040\000c\000h\000\355\000n\000h}{chapter.4}% 44
\BOOKMARK [2][-]{subsection.4.2.1}{\376\377\000d\000o\000c\000u\000m\000e\000n\000t\000s}{section.4.2}% 45
\BOOKMARK [2][-]{subsection.4.2.2}{\376\377\000d\000o\000c\000u\000m\000e\000n\000t\000\137\000v\000e\000r\000s\000i\000o\000n\000s}{section.4.2}% 46
\BOOKMARK [2][-]{subsection.4.2.3}{\376\377\000d\000o\000c\000u\000m\000e\000n\000t\000\137\000a\000c\000l}{section.4.2}% 47
\BOOKMARK [2][-]{subsection.4.2.4}{\376\377\000d\000o\000c\000u\000m\000e\000n\000t\000\137\000w\000o\000r\000k\000f\000l\000o\000w\000\137\000h\000i\000s\000t\000o\000r\000y}{section.4.2}% 48
\BOOKMARK [2][-]{subsection.4.2.5}{\376\377\000a\000u\000d\000i\000t\000\137\000e\000v\000e\000n\000t\000s}{section.4.2}% 49
\BOOKMARK [1][-]{section.4.3}{\376\377\000D\000o\000c\000u\000m\000e\000n\000t\000\040\000l\000i\000f\000e\000c\000y\000c\000l\000e}{chapter.4}% 50
\BOOKMARK [1][-]{section.4.4}{\376\377\000M\000a\000\040\000t\000r\036\255\000n\000\040\000p\000h\000\342\000n\000\040\000q\000u\000y\036\301\000n}{chapter.4}% 51
\BOOKMARK [2][-]{subsection.4.4.1}{\376\377\000Q\000u\000y\036\301\000n\000\040\000x\000e\000m\000\040\000v\000\340\000\040\000t\036\243\000i\000\040\000t\000h\000e\000o\000\040\000c\000l\000a\000s\000s\000i\000f\000i\000c\000a\000t\000i\000o\000n}{section.4.4}% 52
\BOOKMARK [1][-]{section.4.5}{\376\377\000C\000h\000\355\000n\000h\000\040\000s\000\341\000c\000h\000\040\000C\000o\000m\000p\000l\000i\000a\000n\000c\000e\000\040\000O\000f\000f\000i\000c\000e\000r}{chapter.4}% 53
\BOOKMARK [1][-]{section.4.6}{\376\377\000T\000h\000i\036\277\000t\000\040\000k\036\277\000\040\000p\000r\000e\000v\000i\000e\000w\000/\000d\000o\000w\000n\000l\000o\000a\000d\000\040\000a\000u\000t\000h\000o\000r\000i\000z\000a\000t\000i\000o\000n}{chapter.4}% 54
\BOOKMARK [1][-]{section.4.7}{\376\377\000M\000a\000l\000w\000a\000r\000e\000\040\000s\000c\000a\000n\000n\000i\000n\000g\000\040\000v\000\340\000\040\000D\000L\000P}{chapter.4}% 55
\BOOKMARK [1][-]{section.4.8}{\376\377\000A\000u\000d\000i\000t\000\040\000i\000n\000g\000e\000s\000t\000\040\000b\000o\000u\000n\000d\000a\000r\000y}{chapter.4}% 56
\BOOKMARK [1][-]{section.4.9}{\376\377\000L\000u\036\323\000n\000g\000\040\000c\000o\000m\000p\000l\000i\000a\000n\000c\000e\000\040\000e\000v\000i\000d\000e\000n\000c\000e}{chapter.4}% 57
\BOOKMARK [1][-]{section.4.10}{\376\377\000A\000P\000I\000\040\000c\000o\000n\000t\000r\000a\000c\000t\000\040\000t\036\325\000n\000g\000\040\000q\000u\000a\000n}{chapter.4}% 58
\BOOKMARK [0][-]{chapter.5}{\376\377\000T\000r\000i\036\303\000n\000\040\000k\000h\000a\000i\000\040\036\351\000n\000g\000\040\000d\036\345\000n\000g\000\040\000D\000o\000c\000V\000a\000u\000l\000t}{}% 59
\BOOKMARK [1][-]{section.5.1}{\376\377\000C\036\245\000u\000\040\000t\000r\000\372\000c\000\040\000m\000o\000n\000o\000r\000e\000p\000o}{chapter.5}% 60
\BOOKMARK [1][-]{section.5.2}{\376\377\000F\000r\000o\000n\000t\000e\000n\000d\000\040\000N\000e\000x\000t\000.\000j\000s}{chapter.5}% 61
\BOOKMARK [2][-]{subsection.5.2.1}{\376\377\000P\000e\000r\000m\000i\000s\000s\000i\000o\000n\000-\000a\000w\000a\000r\000e\000\040\000U\000I}{section.5.2}% 62
\BOOKMARK [1][-]{section.5.3}{\376\377\000G\000a\000t\000e\000w\000a\000y}{chapter.5}% 63
\BOOKMARK [1][-]{section.5.4}{\376\377\000M\000e\000t\000a\000d\000a\000t\000a\000-\000s\000e\000r\000v\000i\000c\000e}{chapter.5}% 64
\BOOKMARK [1][-]{section.5.5}{\376\377\000D\000o\000c\000u\000m\000e\000n\000t\000-\000s\000e\000r\000v\000i\000c\000e}{chapter.5}% 65
\BOOKMARK [1][-]{section.5.6}{\376\377\000W\000o\000r\000k\000f\000l\000o\000w\000-\000s\000e\000r\000v\000i\000c\000e}{chapter.5}% 66
\BOOKMARK [1][-]{section.5.7}{\376\377\000A\000u\000d\000i\000t\000-\000s\000e\000r\000v\000i\000c\000e}{chapter.5}% 67
\BOOKMARK [1][-]{section.5.8}{\376\377\000N\000o\000t\000i\000f\000i\000c\000a\000t\000i\000o\000n\000-\000s\000e\000r\000v\000i\000c\000e}{chapter.5}% 68
\BOOKMARK [1][-]{section.5.9}{\376\377\000H\036\241\000\040\000t\036\247\000n\000g\000\040\000l\000o\000c\000a\000l}{chapter.5}% 69
\BOOKMARK [1][-]{section.5.10}{\376\377\000C\000\341\000c\000\040\000m\000\340\000n\000\040\000h\000\354\000n\000h\000\040\000m\000i\000n\000h\000\040\000h\036\315\000a}{chapter.5}% 70
\BOOKMARK [1][-]{section.5.11}{\376\377\000L\000u\036\323\000n\000g\000\040\000d\000e\000m\000o\000\040\036\351\000n\000g\000\040\000d\036\345\000n\000g}{chapter.5}% 71
\BOOKMARK [0][-]{chapter.6}{\376\377\000Q\000u\000y\000\040\000t\000r\000\354\000n\000h\000\040\000D\000e\000v\000S\000e\000c\000O\000p\000s\000\040\000v\000\340\000\040\000h\036\241\000\040\000t\036\247\000n\000g\000\040\000t\000r\000i\036\303\000n\000\040\000k\000h\000a\000i}{}% 72
\BOOKMARK [1][-]{section.6.1}{\376\377\000M\036\345\000c\000\040\000t\000i\000\352\000u\000\040\000v\000\340\000\040\000p\000h\036\241\000m\000\040\000v\000i\000\040\000t\000r\000i\036\303\000n\000\040\000k\000h\000a\000i}{chapter.6}% 73
\BOOKMARK [1][-]{section.6.2}{\376\377\000K\000i\036\277\000n\000\040\000t\000r\000\372\000c\000\040\000h\036\241\000\040\000t\036\247\000n\000g\000\040\000t\000r\000\352\000n\000\040\000A\000W\000S\000\040\000E\000K\000S}{chapter.6}% 74
\BOOKMARK [2][-]{subsection.6.2.1}{\376\377\000H\036\241\000\040\000t\036\247\000n\000g\000\040\000d\001\260\036\333\000i\000\040\000d\036\241\000n\000g\000\040\000m\000\343\000\040\000v\036\333\000i\000\040\000T\000e\000r\000r\000a\000f\000o\000r\000m}{section.6.2}% 75
\BOOKMARK [2][-]{subsection.6.2.2}{\376\377\000L\001\260\000u\000\040\000t\000r\036\357\000\040\000t\000\340\000i\000\040\000l\000i\036\307\000u\000\040\000t\000r\000\352\000n\000\040\000S\0003}{section.6.2}% 76
\BOOKMARK [2][-]{subsection.6.2.3}{\376\377\000S\000a\000o\000\040\000l\001\260\000u\000\040\000v\000\340\000\040\000k\000h\000\364\000i\000\040\000p\000h\036\345\000c\000\040\000c\001\241\000\040\000s\036\337\000\040\000d\036\357\000\040\000l\000i\036\307\000u}{section.6.2}% 77
\BOOKMARK [1][-]{section.6.3}{\376\377\000T\036\325\000\040\000c\000h\036\351\000c\000\040\000w\000o\000r\000k\000l\000o\000a\000d\000\040\000t\000r\000\352\000n\000\040\000K\000u\000b\000e\000r\000n\000e\000t\000e\000s}{chapter.6}% 78
\BOOKMARK [2][-]{subsection.6.3.1}{\376\377\000H\000e\000l\000m\000\040\000c\000h\000a\000r\000t\000\040\000v\000\340\000\040\000K\000u\000s\000t\000o\000m\000i\000z\000e\000\040\000o\000v\000e\000r\000l\000a\000y}{section.6.3}% 79
\BOOKMARK [2][-]{subsection.6.3.2}{\376\377\000I\000n\000g\000r\000e\000s\000s\000,\000\040\000D\000N\000S\000\040\000v\000\340\000\040\000T\000L\000S}{section.6.3}% 80
\BOOKMARK [1][-]{section.6.4}{\376\377\000Q\000u\036\243\000n\000\040\000l\000\375\000\040\000s\000e\000c\000r\000e\000t\000\040\000v\000\340\000\040\000q\000u\000y\036\301\000n\000\040\000t\000r\000u\000y\000\040\000c\036\255\000p\000\040\000A\000W\000S}{chapter.6}% 81
\BOOKMARK [1][-]{section.6.5}{\376\377\000M\000\364\000\040\000h\000\354\000n\000h\000\040\000G\000i\000t\000O\000p\000s\000\040\000v\036\333\000i\000\040\000A\000r\000g\000o\000\040\000C\000D}{chapter.6}% 82
\BOOKMARK [2][-]{subsection.6.5.1}{\376\377\000A\000p\000p\000-\000o\000f\000-\000a\000p\000p\000s\000\040\000v\000\340\000\040\000t\000h\036\351\000\040\000t\036\361\000\040\001\021\036\323\000n\000g\000\040\000b\036\331}{section.6.5}% 83
\BOOKMARK [2][-]{subsection.6.5.2}{\376\377\000C\036\255\000p\000\040\000n\000h\036\255\000t\000\040\000d\000e\000s\000i\000r\000e\000d\000\040\000s\000t\000a\000t\000e}{section.6.5}% 84
\BOOKMARK [1][-]{section.6.6}{\376\377\000H\000a\000r\000b\000o\000r\000\040\000v\000\340\000\040\000b\036\243\000o\000\040\000m\036\255\000t\000\040\000c\000h\000u\036\327\000i\000\040\000c\000u\000n\000g\000\040\036\351\000n\000g\000\040\000p\000h\036\247\000n\000\040\000m\036\301\000m}{chapter.6}% 85
\BOOKMARK [1][-]{section.6.7}{\376\377\000J\000e\000n\000k\000i\000n\000s\000\040\000p\000i\000p\000e\000l\000i\000n\000e}{chapter.6}% 86
\BOOKMARK [2][-]{subsection.6.7.1}{\376\377\000P\000h\000\342\000n\000\040\000t\000\341\000c\000h\000\040\000C\000I\000\040\000v\000\340\000\040\000C\000D}{section.6.7}% 87
\BOOKMARK [2][-]{subsection.6.7.2}{\376\377\000C\000\341\000c\000\040\000s\000t\000a\000g\000e\000\040\000c\000h\000\355\000n\000h}{section.6.7}% 88
\BOOKMARK [1][-]{section.6.8}{\376\377\000C\000\341\000c\000\040\000c\036\325\000n\000g\000\040\000k\000i\036\303\000m\000\040\000s\000o\000\341\000t\000\040\000c\000h\036\245\000t\000\040\000l\001\260\036\343\000n\000g\000\040\000v\000\340\000\040\000b\036\243\000o\000\040\000m\036\255\000t}{chapter.6}% 89
\BOOKMARK [2][-]{subsection.6.8.1}{\376\377\000S\000e\000c\000r\000e\000t\000\040\000s\000c\000a\000n\000n\000i\000n\000g}{section.6.8}% 90
\BOOKMARK [2][-]{subsection.6.8.2}{\376\377\000K\000i\036\303\000m\000\040\000t\000h\036\355\000\040\000v\000\340\000\040\000c\000h\036\245\000t\000\040\000l\001\260\036\343\000n\000g\000\040\000m\000\343\000\040\000n\000g\000u\036\323\000n}{section.6.8}% 91
\BOOKMARK [2][-]{subsection.6.8.3}{\376\377\000S\000C\000A\000\040\000v\000\340\000\040\000f\000i\000l\000e\000s\000y\000s\000t\000e\000m\000\040\000s\000c\000a\000n\000n\000i\000n\000g}{section.6.8}% 92
\BOOKMARK [2][-]{subsection.6.8.4}{\376\377\000I\000a\000C\000\040\000v\000\340\000\040\000p\000o\000l\000i\000c\000y\000-\000a\000s\000-\000c\000o\000d\000e}{section.6.8}% 93
\BOOKMARK [1][-]{section.6.9}{\376\377\000B\000u\000i\000l\000d\000,\000\040\000q\000u\000\351\000t\000\040\000v\000\340\000\040\000p\000h\000\341\000t\000\040\000h\000\340\000n\000h\000\040\000c\000o\000n\000t\000a\000i\000n\000e\000r\000\040\000i\000m\000a\000g\000e}{chapter.6}% 94
\BOOKMARK [1][-]{section.6.10}{\376\377\000K\000i\036\303\000m\000\040\000t\000r\000a\000\040\000s\000a\000u\000\040\000t\000r\000i\036\303\000n\000\040\000k\000h\000a\000i}{chapter.6}% 95
\BOOKMARK [2][-]{subsection.6.10.1}{\376\377\000A\000r\000g\000o\000\040\000C\000D\000\040\000h\000e\000a\000l\000t\000h\000\040\000g\000a\000t\000e}{section.6.10}% 96
\BOOKMARK [2][-]{subsection.6.10.2}{\376\377\000S\000m\000o\000k\000e\000\040\000t\000e\000s\000t}{section.6.10}% 97
\BOOKMARK [2][-]{subsection.6.10.3}{\376\377\000D\000A\000S\000T\000\040\000b\036\261\000n\000g\000\040\000O\000W\000A\000S\000P\000\040\000Z\000A\000P}{section.6.10}% 98
\BOOKMARK [1][-]{section.6.11}{\376\377\000G\000i\000\341\000m\000\040\000s\000\341\000t\000\040\000v\000\340\000\040\000t\036\255\000p\000\040\000t\000r\000u\000n\000g\000\040\000l\000o\000g}{chapter.6}% 99
\BOOKMARK [1][-]{section.6.12}{\376\377\000M\000a\000p\000p\000i\000n\000g\000\040\000k\000i\036\303\000m\000\040\000s\000o\000\341\000t\000,\000\040\000c\000\364\000n\000g\000\040\000c\036\345\000\040\000v\000\340\000\040\000b\036\261\000n\000g\000\040\000c\000h\036\351\000n\000g}{chapter.6}% 100
\BOOKMARK [1][-]{section.6.13}{\376\377\001\020\000\341\000n\000h\000\040\000g\000i\000\341\000\040\000t\000r\036\241\000n\000g\000\040\000t\000h\000\341\000i\000\040\000t\000r\000i\036\303\000n\000\040\000k\000h\000a\000i}{chapter.6}% 101
\BOOKMARK [0][-]{chapter.7}{\376\377\000K\000i\036\303\000m\000\040\000t\000h\036\355\000,\000\040\001\021\000\341\000n\000h\000\040\000g\000i\000\341\000\040\000v\000\340\000\040\000b\036\261\000n\000g\000\040\000c\000h\036\351\000n\000g}{}% 102
\BOOKMARK [1][-]{section.7.1}{\376\377\000C\000h\000i\036\277\000n\000\040\000l\001\260\036\343\000c\000\040\000k\000i\036\303\000m\000\040\000t\000h\036\355}{chapter.7}% 103
\BOOKMARK [1][-]{section.7.2}{\376\377\000K\000i\036\303\000m\000\040\000t\000h\036\355\000\040\000r\000u\000n\000t\000i\000m\000e}{chapter.7}% 104
\BOOKMARK [1][-]{section.7.3}{\376\377\000K\000i\036\303\000m\000\040\000t\000h\036\355\000\040\000f\000r\000o\000n\000t\000e\000n\000d\000\040\000v\000\340\000\040\000U\000I\000\040\000e\000v\000i\000d\000e\000n\000c\000e}{chapter.7}% 105
\BOOKMARK [1][-]{section.7.4}{\376\377\000S\000e\000c\000u\000r\000i\000t\000y\000\040\000e\000v\000i\000d\000e\000n\000c\000e}{chapter.7}% 106
\BOOKMARK [1][-]{section.7.5}{\376\377\000P\000i\000p\000e\000l\000i\000n\000e\000\040\000e\000v\000i\000d\000e\000n\000c\000e}{chapter.7}% 107
\BOOKMARK [1][-]{section.7.6}{\376\377\001\020\000\341\000n\000h\000\040\000g\000i\000\341\000\040\000t\000h\000e\000o\000\040\000y\000\352\000u\000\040\000c\036\247\000u}{chapter.7}% 108
\BOOKMARK [1][-]{section.7.7}{\376\377\000H\036\241\000n\000\040\000c\000h\036\277\000\040\000h\000i\036\307\000n\000\040\000t\036\241\000i}{chapter.7}% 109
\BOOKMARK [1][-]{section.7.8}{\376\377\000N\000h\036\255\000n\000\040\000x\000\351\000t\000\040\000c\000h\000u\000n\000g}{chapter.7}% 110
\BOOKMARK [0][-]{chapter.8}{\376\377\000K\036\277\000t\000\040\000l\000u\036\255\000n\000\040\000v\000\340\000\040\000h\001\260\036\333\000n\000g\000\040\000p\000h\000\341\000t\000\040\000t\000r\000i\036\303\000n}{}% 111
\BOOKMARK [1][-]{section.8.1}{\376\377\000K\036\277\000t\000\040\000q\000u\036\243\000\040\001\021\036\241\000t\000\040\001\021\001\260\036\343\000c}{chapter.8}% 112
\BOOKMARK [1][-]{section.8.2}{\376\377\000M\036\351\000c\000\040\001\021\036\331\000\040\001\021\000\341\000p\000\040\036\351\000n\000g\000\040\000m\036\345\000c\000\040\000t\000i\000\352\000u}{chapter.8}% 113
\BOOKMARK [1][-]{section.8.3}{\376\377\000H\036\241\000n\000\040\000c\000h\036\277}{chapter.8}% 114
\BOOKMARK [1][-]{section.8.4}{\376\377\000H\001\260\036\333\000n\000g\000\040\000p\000h\000\341\000t\000\040\000t\000r\000i\036\303\000n}{chapter.8}% 115
\BOOKMARK [1][-]{section.8.5}{\376\377\000K\036\277\000t\000\040\000l\000u\036\255\000n\000\040\000c\000h\000u\000n\000g}{chapter.8}% 116
\BOOKMARK [0][-]{appendix.A}{\376\377\000H\001\260\036\333\000n\000g\000\040\000d\036\253\000n\000\040\000c\000h\036\241\000y\000\040\000h\036\307\000\040\000t\000h\036\321\000n\000g}{}% 117
\BOOKMARK [1][-]{section.A.1}{\376\377\000Y\000\352\000u\000\040\000c\036\247\000u\000\040\000m\000\364\000i\000\040\000t\000r\001\260\036\335\000n\000g}{appendix.A}% 118
\BOOKMARK [1][-]{section.A.2}{\376\377\000C\000\340\000i\000\040\001\021\036\267\000t\000\040\000p\000h\036\345\000\040\000t\000h\000u\036\331\000c}{appendix.A}% 119
\BOOKMARK [1][-]{section.A.3}{\376\377\000K\000h\036\337\000i\000\040\001\021\036\331\000n\000g\000\040\000h\036\241\000\040\000t\036\247\000n\000g\000\040\000l\000o\000c\000a\000l}{appendix.A}% 120
\BOOKMARK [1][-]{section.A.4}{\376\377\000C\000h\036\241\000y\000\040\000m\000i\000g\000r\000a\000t\000i\000o\000n}{appendix.A}% 121
\BOOKMARK [1][-]{section.A.5}{\376\377\000K\000h\036\337\000i\000\040\001\021\036\331\000n\000g\000\040\000b\000a\000c\000k\000e\000n\000d}{appendix.A}% 122
\BOOKMARK [1][-]{section.A.6}{\376\377\000K\000h\036\337\000i\000\040\001\021\036\331\000n\000g\000\040\000f\000r\000o\000n\000t\000e\000n\000d}{appendix.A}% 123
\BOOKMARK [1][-]{section.A.7}{\376\377\000T\000\340\000i\000\040\000k\000h\000o\036\243\000n\000\040\000d\000e\000m\000o}{appendix.A}% 124
\BOOKMARK [1][-]{section.A.8}{\376\377\000K\000i\036\303\000m\000\040\000t\000h\036\355\000\040\000n\000h\000a\000n\000h}{appendix.A}% 125
\BOOKMARK [0][-]{appendix.B}{\376\377\000T\000\363\000m\000\040\000t\036\257\000t\000\040\000A\000P\000I\000\040\000c\000o\000n\000t\000r\000a\000c\000t}{}% 126
\BOOKMARK [1][-]{section.B.1}{\376\377\000N\000g\000u\000y\000\352\000n\000\040\000t\036\257\000c\000\040\000c\000h\000u\000n\000g}{appendix.B}% 127
\BOOKMARK [1][-]{section.B.2}{\376\377\000N\000h\000\363\000m\000\040\000e\000n\000d\000p\000o\000i\000n\000t\000\040\000c\000h\000\355\000n\000h}{appendix.B}% 128
\BOOKMARK [1][-]{section.B.3}{\376\377\000C\000o\000m\000p\000l\000i\000a\000n\000c\000e\000\040\000O\000f\000f\000i\000c\000e\000r\000\040\000r\000u\000l\000e}{appendix.B}% 129
\BOOKMARK [1][-]{section.B.4}{\376\377\000G\000r\000a\000n\000t\000\040\000t\000o\000k\000e\000n}{appendix.B}% 130
