Getting token...
- Token acquired.

Uploading file...
- Upload Success! Document ID: a08afe1f-39b7-4bdb-b36f-42d9a77ab0cd

Fetching Presigned URL...
- Success! URL Data: {
  id: 'a08afe1f-39b7-4bdb-b36f-42d9a77ab0cd',
  filename: 'README.md',
  expiresInSeconds: 300,
  url: 'http://localhost:9000/docvault/documents/2026-03-14/cbc772c7-4a88-42dc-81d0-d3d2020d257c-README.md?X-Amz-Algorithm=AWS4-HMAC-SHA256&X-Amz-Content-Sha256=UNSIGNED-PAYLOAD&X-Amz-Credential=minioadmin%2F20260314%2Fus-east-1%2Fs3%2Faws4_request&X-Amz-Date=20260314T171935Z&X-Amz-Expires=300&X-Amz-Signature=19c4517e93468fdec9454f51ed9f294941e6e41bfde8631b52d8201af8555eff&X-Amz-SignedHeaders=host&response-content-disposition=attachment%3B%20filename%3D%22README.md%22&x-amz-checksum-mode=ENABLED&x-id=GetObject'
}

Fetching Direct Stream...
- Success! Stream downloaded 4354 bytes.
